[0m15:25:34.601043 [debug] [MainThread]: Sending event: {'category': 'dbt', 'action': 'invocation', 'label': 'start', 'context': [<snowplow_tracker.self_describing_json.SelfDescribingJson object at 0x00000208480234D0>, <snowplow_tracker.self_describing_json.SelfDescribingJson object at 0x0000020847E34A10>, <snowplow_tracker.self_describing_json.SelfDescribingJson object at 0x0000020847D5C050>]}


============================== 15:25:34.639279 | 26e1fa78-79d9-4945-802c-6593b982438e ==============================
[0m15:25:34.639279 [info ] [MainThread]: Running with dbt=1.7.0
[0m15:25:34.639279 [debug] [MainThread]: running dbt with arguments {'version_check': 'True', 'no_print': 'None', 'static_parser': 'True', 'warn_error_options': 'WarnErrorOptions(include=[], exclude=[])', 'target_path': 'None', 'printer_width': '80', 'write_json': 'True', 'introspect': 'True', 'log_cache_events': 'False', 'cache_selected_only': 'False', 'log_format': 'default', 'debug': 'False', 'fail_fast': 'False', 'partial_parse': 'True', 'send_anonymous_usage_stats': 'True', 'quiet': 'False', 'warn_error': 'None', 'profiles_dir': 'C:\\Users\\thali\\.dbt', 'use_colors': 'True', 'indirect_selection': 'eager', 'invocation_command': 'dbt ', 'use_experimental_parser': 'False', 'log_path': 'logs'}
[0m15:25:34.639279 [warn ] [MainThread]: [ConfigFolderDirectory]: Unable to parse dict {'dir': WindowsPath('C:/Users/thali/.dbt')}
[0m15:25:34.639279 [info ] [MainThread]: Creating dbt configuration folder at 
[0m15:25:34.644483 [debug] [MainThread]: Starter project path: C:\Users\thali\AppData\Local\Programs\Python\Python311\Lib\site-packages\dbt\include\starter_project
[0m15:25:34.865378 [info ] [MainThread]: 
Your new dbt project "transform" was created!

For more information on how to configure the profiles.yml file,
please consult the dbt documentation here:

  https://docs.getdbt.com/docs/configure-your-profile

One more thing:

Need help? Don't hesitate to reach out to us via GitHub issues or on Slack:

  https://community.getdbt.com/

Happy modeling!

[0m15:25:34.881406 [debug] [MainThread]: Command `cli init` succeeded at 15:25:34.881406 after 0.30 seconds
[0m15:25:34.881406 [debug] [MainThread]: Sending event: {'category': 'dbt', 'action': 'invocation', 'label': 'end', 'context': [<snowplow_tracker.self_describing_json.SelfDescribingJson object at 0x00000208480583D0>, <snowplow_tracker.self_describing_json.SelfDescribingJson object at 0x0000020847D68A50>, <snowplow_tracker.self_describing_json.SelfDescribingJson object at 0x0000020847D690D0>]}
[0m15:25:34.881406 [debug] [MainThread]: Flushing usage events
[0m15:25:35.927911 [debug] [MainThread]: Error sending anonymous usage statistics. Disabling tracking for this execution. If you wish to permanently disable tracking, see: https://docs.getdbt.com/reference/global-configs#send-anonymous-usage-stats.
[0m15:43:55.966040 [debug] [MainThread]: Sending event: {'category': 'dbt', 'action': 'invocation', 'label': 'start', 'context': [<snowplow_tracker.self_describing_json.SelfDescribingJson object at 0x000001F4C2FAB510>, <snowplow_tracker.self_describing_json.SelfDescribingJson object at 0x000001F4C2F86BD0>, <snowplow_tracker.self_describing_json.SelfDescribingJson object at 0x000001F4C4332050>]}


============================== 15:43:55.981699 | 42fa8c54-2f12-4822-bde5-fad813d47d86 ==============================
[0m15:43:55.981699 [info ] [MainThread]: Running with dbt=1.7.0
[0m15:43:55.981699 [debug] [MainThread]: running dbt with arguments {'static_parser': 'True', 'no_print': 'None', 'version_check': 'True', 'target_path': 'None', 'warn_error_options': 'WarnErrorOptions(include=[], exclude=[])', 'printer_width': '80', 'write_json': 'True', 'introspect': 'True', 'log_cache_events': 'False', 'cache_selected_only': 'False', 'log_format': 'default', 'debug': 'False', 'fail_fast': 'False', 'partial_parse': 'True', 'send_anonymous_usage_stats': 'True', 'quiet': 'False', 'warn_error': 'None', 'profiles_dir': '.', 'invocation_command': 'dbt ', 'use_colors': 'True', 'indirect_selection': 'eager', 'use_experimental_parser': 'False', 'log_path': 'logs'}
[0m15:43:55.981699 [info ] [MainThread]: dbt version: 1.7.0
[0m15:43:55.981699 [info ] [MainThread]: python version: 3.11.9
[0m15:43:55.981699 [info ] [MainThread]: python path: C:\Users\thali\AppData\Local\Programs\Python\Python311\python.exe
[0m15:43:55.981699 [info ] [MainThread]: os info: Windows-10-10.0.26200-SP0
[0m15:43:55.993973 [info ] [MainThread]: Using profiles dir at .
[0m15:43:55.995569 [info ] [MainThread]: Using profiles.yml file at .\profiles.yml
[0m15:43:55.998782 [info ] [MainThread]: Using dbt_project.yml file at C:\Users\thali\OneDrive\Área de Trabalho\projetos\end to end real\dbt_project.yml
[0m15:43:56.001122 [info ] [MainThread]: Configuration:
[0m15:43:56.003086 [info ] [MainThread]:   profiles.yml file [[31mERROR not found[0m]
[0m15:43:56.004633 [info ] [MainThread]:   dbt_project.yml file [[31mERROR not found[0m]
[0m15:43:56.007220 [info ] [MainThread]: Required dependencies:
[0m15:43:56.008398 [debug] [MainThread]: Executing "git --help"
[0m15:43:56.193050 [debug] [MainThread]: STDOUT: "b"usage: git [-v | --version] [-h | --help] [-C <path>] [-c <name>=<value>]\n           [--exec-path[=<path>]] [--html-path] [--man-path] [--info-path]\n           [-p | --paginate | -P | --no-pager] [--no-replace-objects] [--no-lazy-fetch]\n           [--no-optional-locks] [--no-advice] [--bare] [--git-dir=<path>]\n           [--work-tree=<path>] [--namespace=<name>] [--config-env=<name>=<envvar>]\n           <command> [<args>]\n\nThese are common Git commands used in various situations:\n\nstart a working area (see also: git help tutorial)\n   clone      Clone a repository into a new directory\n   init       Create an empty Git repository or reinitialize an existing one\n\nwork on the current change (see also: git help everyday)\n   add        Add file contents to the index\n   mv         Move or rename a file, a directory, or a symlink\n   restore    Restore working tree files\n   rm         Remove files from the working tree and from the index\n\nexamine the history and state (see also: git help revisions)\n   bisect     Use binary search to find the commit that introduced a bug\n   diff       Show changes between commits, commit and working tree, etc\n   grep       Print lines matching a pattern\n   log        Show commit logs\n   show       Show various types of objects\n   status     Show the working tree status\n\ngrow, mark and tweak your common history\n   backfill   Download missing objects in a partial clone\n   branch     List, create, or delete branches\n   commit     Record changes to the repository\n   merge      Join two or more development histories together\n   rebase     Reapply commits on top of another base tip\n   reset      Set `HEAD` or the index to a known state\n   switch     Switch branches\n   tag        Create, list, delete or verify tags\n\ncollaborate (see also: git help workflows)\n   fetch      Download objects and refs from another repository\n   pull       Fetch from and integrate with another repository or a local branch\n   push       Update remote refs along with associated objects\n\n'git help -a' and 'git help -g' list available subcommands and some\nconcept guides. See 'git help <command>' or 'git help <concept>'\nto read about a specific subcommand or concept.\nSee 'git help git' for an overview of the system.\n""
[0m15:43:56.193050 [debug] [MainThread]: STDERR: "b''"
[0m15:43:56.193050 [info ] [MainThread]:  - git [[32mOK found[0m]

[0m15:43:56.193050 [info ] [MainThread]: Connection test skipped since no profile was found
[0m15:43:56.193050 [info ] [MainThread]: [31m2 checks failed:[0m
[0m15:43:56.202875 [info ] [MainThread]: dbt looked for a profiles.yml file in .\profiles.yml, but did
not find one. For more information on configuring your profile, consult the
documentation:

https://docs.getdbt.com/docs/configure-your-profile


[0m15:43:56.204935 [info ] [MainThread]: Project loading failed for the following reason:
 project path <C:\Users\thali\OneDrive\Área de Trabalho\projetos\end to end real\dbt_project.yml> not found

[0m15:43:56.208099 [debug] [MainThread]: Command `cli debug` failed at 15:43:56.208099 after 0.25 seconds
[0m15:43:56.209087 [debug] [MainThread]: Sending event: {'category': 'dbt', 'action': 'invocation', 'label': 'end', 'context': [<snowplow_tracker.self_describing_json.SelfDescribingJson object at 0x000001F4BBC445D0>, <snowplow_tracker.self_describing_json.SelfDescribingJson object at 0x000001F4BBC44750>, <snowplow_tracker.self_describing_json.SelfDescribingJson object at 0x000001F4BBC44710>]}
[0m15:43:56.210799 [debug] [MainThread]: Flushing usage events
[0m15:43:56.950382 [debug] [MainThread]: Error sending anonymous usage statistics. Disabling tracking for this execution. If you wish to permanently disable tracking, see: https://docs.getdbt.com/reference/global-configs#send-anonymous-usage-stats.
